check-npm-audit: 74 advisories, and the baseline was exceeded:

  - high advisories increased: 31 -> 32. Either upgrade the dependency, or if the new advisory is genuinely build-only and unfixable, re-run with --update and note why in PROGRESS.md.
  - apps__docs: high advisories increased 10 -> 11

Current advisories:
  - 1102341 | moderate | esbuild | fix=unknown | apps__dashboard>vite>esbuild
  - 1116229 | moderate | vite | fix=unknown | apps__dashboard>vite
  - 1120680 | low | esbuild | fix=unknown | apps__docs>astro>esbuild
  - 1120784 | moderate | vite | fix=unknown | apps__dashboard>vite
  - 1120785 | moderate | vite | fix=unknown | apps__docs>astro>vite
  - 1121860 | moderate | js-yaml | fix=unknown | apps__docs>@astrojs/starlight>js-yaml
  - 1123525 | high | vite | fix=unknown | apps__dashboard>vite
  - 1123526 | high | vite | fix=unknown | apps__docs>astro>vite
  - 1123911 | high | js-yaml | fix=unknown | apps__docs>@astrojs/starlight>js-yaml
  - 1124064 | high | fast-uri | fix=unknown | packages__conformance>ajv>fast-uri
  - 1124066 | high | sharp | fix=unknown | apps__docs>astro>sharp
  - 1124300 | moderate | @sveltejs/kit | fix=unknown | apps__dashboard>@sveltejs/kit
  - 1124301 | moderate | @sveltejs/kit | fix=unknown | apps__dashboard>@sveltejs/kit
  - 1130709 | moderate | postcss | fix=unknown | apps__dashboard>postcss
  - 1130715 | moderate | undici | fix=unknown | apps__dashboard>jsdom>undici
  - 1130718 | high | undici | fix=unknown | apps__dashboard>jsdom>undici
  - 1130720 | high | fast-uri | fix=unknown | packages__conformance>ajv>fast-uri
  - 1130726 | moderate | undici | fix=unknown | apps__dashboard>jsdom>undici
  - 1130729 | moderate | undici | fix=unknown | apps__dashboard>jsdom>undici
  - 1130731 | moderate | undici | fix=unknown | apps__dashboard>jsdom>undici
  - 1138115 | high | js-yaml | fix=unknown | apps__docs>@astrojs/starlight>js-yaml
  - 1138740 | moderate | @sveltejs/kit | fix=unknown | apps__dashboard>@sveltejs/kit
  - 1138811 | high | nanoid | fix=unknown | apps__dashboard>postcss>nanoid
  - 1139373 | moderate | astro | fix=unknown | apps__docs>astro
  - 1139375 | low | astro | fix=unknown | apps__docs>astro
  - 1139376 | moderate | astro | fix=unknown | apps__docs>astro
  - 1139427 | high | nanoid | fix=unknown | apps__dashboard>postcss>nanoid
  - 1139510 | high | postcss | fix=unknown | apps__dashboard>postcss
  - 1139518 | high | svgo | fix=unknown | apps__docs>astro>svgo
  - 1139528 | critical | vitest | fix=unknown | apps__dashboard>vitest
  - 1153170 | low | postcss-selector-parser | fix=unknown | apps__dashboard>tailwindcss>postcss-selector-parser
  - 1153171 | high | browserslist | fix=unknown | apps__dashboard>autoprefixer>browserslist
  - 1153172 | high | browserslist | fix=unknown | apps__dashboard>autoprefixer>browserslist
  - 1158524 | high | fast-uri | fix=unknown | packages__conformance>ajv>fast-uri
  - 1158527 | high | fast-uri | fix=unknown | packages__conformance>ajv>fast-uri
  - 1158530 | high | fast-uri | fix=unknown | packages__conformance>ajv>fast-uri
  - 1193683 | moderate | vitest | fix=unknown | apps__dashboard>vitest
  - 1193684 | moderate | @vitest/mocker | fix=unknown | apps__dashboard>vitest>@vitest/mocker
  - 1193686 | moderate | baseline-browser-mapping | fix=unknown | apps__dashboard>autoprefixer>browserslist>baseline-browser-mapping
  - 1193723 | critical | astro | fix=unknown | apps__docs>astro
  - 1193724 | moderate | astro | fix=unknown | apps__docs>astro
  - 1193725 | high | sharp | fix=unknown | apps__docs>astro>sharp
  - 1193727 | high | js-yaml | fix=unknown | apps__docs>@astrojs/starlight>js-yaml
  - 1193735 | high | svgo | fix=unknown | apps__docs>astro>svgo
  - 1193738 | moderate | svgo | fix=unknown | apps__docs>astro>svgo
  - 1193945 | high | smol-toml | fix=unknown | apps__docs>@astrojs/starlight>@astrojs/markdown-remark>smol-toml
  - 1204921 | high | fast-uri | fix=unknown | packages__conformance>ajv>fast-uri
  - 1237790 | moderate | devalue | fix=unknown | apps__dashboard>@sveltejs/kit>devalue
  - 1239933 | moderate | undici | fix=unknown | apps__dashboard>jsdom>undici
  - 1239943 | high | fast-uri | fix=unknown | packages__conformance>ajv>fast-uri
  - 1240036 | moderate | undici | fix=unknown | apps__dashboard>jsdom>undici
  - 1240038 | low | undici | fix=unknown | apps__dashboard>jsdom>undici
  - 1240041 | high | undici | fix=unknown | apps__dashboard>jsdom>undici
  - 1240044 | moderate | undici | fix=unknown | apps__dashboard>jsdom>undici
  - 1240046 | moderate | undici | fix=unknown | apps__dashboard>jsdom>undici
  - 1240048 | low | undici | fix=unknown | apps__dashboard>jsdom>undici
  - 1240050 | high | undici | fix=unknown | apps__dashboard>jsdom>undici
  - 1240052 | low | undici | fix=unknown | apps__dashboard>jsdom>undici
  - 1240055 | moderate | undici | fix=unknown | apps__dashboard>jsdom>undici
  - 1240091 | moderate | fast-uri | fix=unknown | packages__conformance>ajv>fast-uri
  - 1240870 | high | devalue | fix=unknown | apps__dashboard>@sveltejs/kit>devalue
  - 1240871 | moderate | devalue | fix=unknown | apps__dashboard>@sveltejs/kit>devalue
  - 1240872 | high | devalue | fix=unknown | apps__dashboard>@sveltejs/kit>devalue
  - 1240873 | low | devalue | fix=unknown | apps__dashboard>@sveltejs/kit>devalue
  - 1240874 | high | devalue | fix=unknown | apps__dashboard>@sveltejs/kit>devalue
  - 1240875 | moderate | devalue | fix=unknown | apps__dashboard>@sveltejs/kit>devalue
  - 1240991 | high | http-cache-semantics | fix=unknown | apps__docs>astro>http-cache-semantics
  - 1240992 | high | braces | fix=unknown | apps__dashboard>tailwindcss>chokidar>braces
  - 1241205 | moderate | smol-toml | fix=unknown | apps__docs>@astrojs/starlight>@astrojs/markdown-remark>smol-toml
  - 1241209 | high | source-map-js | fix=unknown | apps__dashboard>jsdom>css-tree>source-map-js
  - 1241232 | moderate | postcss-selector-parser | fix=unknown | apps__dashboard>tailwindcss>postcss-selector-parser
  - 1241260 | critical | tinypool | fix=unknown | apps__dashboard>vitest>tinypool
  - 1241261 | critical | tinypool | fix=unknown | apps__dashboard>vitest>tinypool
  - 1241331 | high | sharp | fix=unknown | apps__docs>astro>sharp
